SQL> WAQTD NUMBER OF EMPLOYEES WORKING IN EACH DEPARTEMENT EXCEPT PRESIDENT.
SP2-0734: unknown command beginning "WAQTD NUMB..." - rest of line ignored.
SQL> SELECT COUNT(*), DEPTNO
  2  FROM EMP
  3  WHERE JOB!='PRESIDENT'
  4  GROUP BY DEPTNO;

  COUNT(*)     DEPTNO                                                           
---------- ----------                                                           
         6         30                                                           
         5         20                                                           
         2         10                                                           

SQL> WAQTD TOTAL SALARY NEEDED TO PAY ALL THE EMPLOYEES IN EACH JOB.
SP2-0734: unknown command beginning "WAQTD TOTA..." - rest of line ignored.
SQL> SELECT SUM(SAL)
  2  FROM EMP
  3  GROUP BY JOB;

  SUM(SAL)                                                                      
----------                                                                      
      4150                                                                      
      5600                                                                      
      5000                                                                      
      8275                                                                      
      6000                                                                      

SQL> WAQTD NUMBER OF EMPLOYEEES WORKING AS MANAGER IN EACH DEPARTMENT.
SP2-0734: unknown command beginning "WAQTD NUMB..." - rest of line ignored.
SQL> SELECT COUNT(*)
  2  FROM EMP
  3  WHERE JOB='MANAGER'
  4  GROUP BY DEPTNO;

  COUNT(*)                                                                      
----------                                                                      
         1                                                                      
         1                                                                      
         1                                                                      

SQL> WAQTD AVG SALARY NEEDED TO PAY ALL THE EMPLOYEES IN EACH DEPARTMENT EXCLUDING THE EMPLOYEES OF DEPTNO 20.
SP2-0734: unknown command beginning "WAQTD AVG ..." - rest of line ignored.
SQL> SELECT AVG(SAL),DEPTNO
  2  FROM EMP
  3  WHERE DEPTNO NOT IN 20
  4  GROUP BY DEPTNO;

  AVG(SAL)     DEPTNO                                                           
---------- ----------                                                           
1566.66667         30                                                           
2916.66667         10                                                           

SQL> WAQTD NUMBER OF EMPLOYEES HAVING CHARACTER 'A' IN THEIR NAMES IN EACH JOB.
SP2-0734: unknown command beginning "WAQTD NUMB..." - rest of line ignored.
SQL> SELECT COUNT(*), JOB, ENAME
  2  FROM EMP
  3  WHERE ENAME LIKE '%A%'
  4  GROUP BY JOB;
SELECT COUNT(*), JOB, ENAME
                      *
ERROR at line 1:
ORA-00979: not a GROUP BY expression 


SQL> SELECT COUNT(*), JOB
  2   FROM EMP
  3   WHERE ENAME LIKE '%A%'
  4   GROUP BY JOB;

  COUNT(*) JOB                                                                  
---------- ---------                                                            
         3 SALESMAN                                                             
         2 CLERK                                                                
         2 MANAGER        




SQL> WAQTD NUMBER OF EMPLOYEES AND AVG SALARY NEEDED TO PAY THE EMPLOYEES WHO SALARY IN GREATER THAN 2000 IN EACH DEPT.
SP2-0734: unknown command beginning "WAQTD NUMB..." - rest of line ignored.
SQL> SELECT COUNT(*), AVG(SAL),DEPTNO
  2  FROM EMP
  3  WHERE SAL>2000
  4  GROUP BY DEPTNO;

  COUNT(*)   AVG(SAL)     DEPTNO                                                
---------- ---------- ----------                                                
         1       2850         30                                                
         3 2991.66667         20                                                
         2       3725         10                                                

SQL> WAQDTD TOTAL SALARY NEEDED TO PAY AND NUMBER OF SALESMANS IN EACH DEPT.
SP2-0734: unknown command beginning "WAQDTD TOT..." - rest of line ignored.
SQL> SELECT SUM(SAL)
  2  FROM EMP
  3  
SQL> 
SQL> SELECT SUM(SAL), COUNT(*)
  2  FROM EMP
  3  WHERE JOB IN 'SALESMAN'
  4  GROUP BY DEPTNO;

  SUM(SAL)   COUNT(*)                                                           
---------- ----------                                                           
      5600          4                                                           

SQL> WAQTD NUMBER OF EMPLOYEES WITH THEIR MAXIMUM SALARIES IN EACH JOB.
SP2-0734: unknown command beginning "WAQTD NUMB..." - rest of line ignored.
SQL> SELECT MAX(SAL)
  2  FROM EMP
  3  GROUP BY JOB;

  MAX(SAL)                                                                      
----------                                                                      
      1300                                                                      
      1600                                                                      
      5000                                                                      
      2975                                                                      
      3000                                                                      

SQL> ED
Wrote file afiedt.buf

  1  SELECT MAX(SAL), COUNT(*)
  2  FROM EMP
  3* GROUP BY JOB
SQL> /

  MAX(SAL)   COUNT(*)                                                           
---------- ----------                                                           
      1300          4                                                           
      1600          4                                                           
      5000          1                                                           
      2975          3                                                           
      3000          2                                                           

SQL> WAQTD MAXIMUM SALARIES GIVEN TO AN EMPLOYEE WORKING IN EACH DEPT
SP2-0734: unknown command beginning "WAQTD MAXI..." - rest of line ignored.
SQL> SELECT MAX(SAL), DEPTNO
  2  FROM EMP
  3  GROUP BY DEPTNO;

  MAX(SAL)     DEPTNO                                                           
---------- ----------                                                           
      2850         30                                                           
      3000         20                                                           
      5000         10                                                           

SQL> WAQTD NUMBER OF TIMES THE SALARIES PRESENT IN EMPLOYEE TABLE.
SP2-0734: unknown command beginning "WAQTD NUMB..." - rest of line ignored.
SQL> SELECT COUNT(JOB)
  2  FROM EMP
  3  WHERE JOB IN 'PRESIDENT'
  4  GROUP BY JOB;

COUNT(JOB)                                                                      
----------                                                                      
         1                                                                      

SQL> SPOOL OFF
